[pid:33099] 2026-08-12T05:17:52.216955Z  INFO shioaji::api::api_v1::auth::token_login: Found cached token from slot 1, verifying...
[pid:33099] 2026-08-12T05:17:53.257907Z  INFO shioaji::api::api_v1::auth::token_login: Cached token is valid, using it
[pid:33099] 2026-08-12T05:17:53.421825Z  INFO shioaji::contracts_v2::traffic: contract backend response endpoint="contracts_version" regions=Some([TW]) security_types=Some([Stock]) bytes=198
[pid:33099] 2026-08-12T05:17:53.425064Z  INFO shioaji::contracts_v2::traffic: contract disk cache cache="hit" block="base" region=TW security_type=STK bytes=9301
[pid:33099] 2026-08-12T05:17:53.426858Z  INFO shioaji::contracts_v2::traffic: contract disk cache cache="hit" block="info" region=TW security_type=STK bytes=84362
[pid:33099] 2026-08-12T05:17:53.674738Z  INFO shioaji::api::token_pool: Successfully released token slot 1 via temporary runtime
[pid:33333] 2026-08-12T05:30:33.270750Z  INFO shioaji::api::api_v1::auth::token_login: Found cached token from slot 1, verifying...
[pid:33333] 2026-08-12T05:30:34.277218Z  INFO shioaji::api::api_v1::auth::token_login: Cached token is valid, using it
[pid:33333] 2026-08-12T05:30:34.446515Z  INFO shioaji::contracts_v2::traffic: contract backend response endpoint="contracts_version" regions=Some([TW]) security_types=Some([Stock]) bytes=198
[pid:33333] 2026-08-12T05:30:34.468280Z  INFO shioaji::contracts_v2::traffic: contract disk cache cache="hit" block="base" region=TW security_type=STK bytes=9301
[pid:33333] 2026-08-12T05:30:34.471934Z  INFO shioaji::contracts_v2::traffic: contract disk cache cache="hit" block="info" region=TW security_type=STK bytes=84362
[pid:33333] 2026-08-12T05:30:34.715511Z  INFO shioaji::api::token_pool: Successfully released token slot 1 via temporary runtime
[pid:33394] 2026-08-12T05:33:11.996358Z  INFO shioaji::api::api_v1::auth::token_login: Found cached token from slot 1, verifying...
[pid:33394] 2026-08-12T05:33:12.888285Z  INFO shioaji::api::api_v1::auth::token_login: Cached token is valid, using it
[pid:33394] 2026-08-12T05:33:13.048871Z  INFO shioaji::contracts_v2::traffic: contract backend response endpoint="contracts_version" regions=Some([TW]) security_types=Some([Stock]) bytes=198
[pid:33394] 2026-08-12T05:33:13.051231Z  INFO shioaji::contracts_v2::traffic: contract disk cache cache="hit" block="base" region=TW security_type=STK bytes=9301
[pid:33394] 2026-08-12T05:33:13.053329Z  INFO shioaji::contracts_v2::traffic: contract disk cache cache="hit" block="info" region=TW security_type=STK bytes=84362
[pid:33394] 2026-08-12T05:33:13.309704Z  INFO shioaji::api::token_pool: Successfully released token slot 1 via temporary runtime
[pid:33417] 2026-08-12T05:33:25.872793Z  INFO shioaji::api::api_v1::auth::token_login: Found cached token from slot 1, verifying...
[pid:33417] 2026-08-12T05:33:26.966022Z  INFO shioaji::api::api_v1::auth::token_login: Cached token is valid, using it
[pid:33417] 2026-08-12T05:33:27.125539Z  INFO shioaji::contracts_v2::traffic: contract backend response endpoint="contracts_version" regions=Some([TW]) security_types=Some([Stock]) bytes=198
[pid:33417] 2026-08-12T05:33:27.127670Z  INFO shioaji::contracts_v2::traffic: contract disk cache cache="hit" block="base" region=TW security_type=STK bytes=9301
[pid:33417] 2026-08-12T05:33:27.129651Z  INFO shioaji::contracts_v2::traffic: contract disk cache cache="hit" block="info" region=TW security_type=STK bytes=84362
[pid:33417] 2026-08-12T05:33:27.389233Z  INFO shioaji::api::token_pool: Successfully released token slot 1 via temporary runtime
[pid:33495] 2026-08-12T05:35:50.525203Z  INFO shioaji::api::api_v1::auth::token_login: Found cached token from slot 1, verifying...
[pid:33495] 2026-08-12T05:35:51.542075Z  INFO shioaji::api::api_v1::auth::token_login: Cached token is valid, using it
[pid:33495] 2026-08-12T05:35:51.712321Z  INFO shioaji::contracts_v2::traffic: contract backend response endpoint="contracts_version" regions=Some([TW]) security_types=Some([Stock]) bytes=198
[pid:33495] 2026-08-12T05:35:51.730046Z  INFO shioaji::contracts_v2::traffic: contract disk cache cache="hit" block="base" region=TW security_type=STK bytes=9301
[pid:33495] 2026-08-12T05:35:51.734479Z  INFO shioaji::contracts_v2::traffic: contract disk cache cache="hit" block="info" region=TW security_type=STK bytes=84362
[pid:33495] 2026-08-12T05:35:51.983096Z  INFO shioaji::api::token_pool: Successfully released token slot 1 via temporary runtime
[pid:33555] 2026-08-12T05:38:44.697871Z  INFO shioaji::api::api_v1::auth::token_login: Found cached token from slot 1, verifying...
[pid:33555] 2026-08-12T05:38:45.586790Z  INFO shioaji::api::api_v1::auth::token_login: Cached token is valid, using it
[pid:33555] 2026-08-12T05:38:45.749979Z  INFO shioaji::contracts_v2::traffic: contract backend response endpoint="contracts_version" regions=Some([TW]) security_types=Some([Stock]) bytes=198
[pid:33555] 2026-08-12T05:38:45.765338Z  INFO shioaji::contracts_v2::traffic: contract disk cache cache="hit" block="base" region=TW security_type=STK bytes=9301
[pid:33555] 2026-08-12T05:38:45.768329Z  INFO shioaji::contracts_v2::traffic: contract disk cache cache="hit" block="info" region=TW security_type=STK bytes=84362
[pid:33555] 2026-08-12T05:38:46.026163Z  INFO shioaji::api::token_pool: Successfully released token slot 1 via temporary runtime
[pid:33572] 2026-08-12T05:38:51.440384Z  INFO shioaji::api::api_v1::auth::token_login: Found cached token from slot 1, verifying...
[pid:33572] 2026-08-12T05:38:52.380331Z  INFO shioaji::api::api_v1::auth::token_login: Cached token is valid, using it
[pid:33572] 2026-08-12T05:38:52.541370Z  INFO shioaji::contracts_v2::traffic: contract backend response endpoint="contracts_version" regions=Some([TW]) security_types=Some([Stock]) bytes=198
[pid:33572] 2026-08-12T05:38:52.543059Z  INFO shioaji::contracts_v2::traffic: contract disk cache cache="hit" block="base" region=TW security_type=STK bytes=9301
[pid:33572] 2026-08-12T05:38:52.544974Z  INFO shioaji::contracts_v2::traffic: contract disk cache cache="hit" block="info" region=TW security_type=STK bytes=84362
[pid:33572] 2026-08-12T05:38:52.705693Z  INFO shioaji::api::token_pool: Successfully released token slot 1 via temporary runtime
[pid:33637] 2026-08-12T05:39:51.933625Z  INFO shioaji::api::api_v1::auth::token_login: Found cached token from slot 1, verifying...
[pid:33637] 2026-08-12T05:39:52.939677Z  INFO shioaji::api::api_v1::auth::token_login: Cached token is valid, using it
[pid:33637] 2026-08-12T05:39:53.111183Z  INFO shioaji::contracts_v2::traffic: contract backend response endpoint="contracts_version" regions=Some([TW]) security_types=Some([Stock]) bytes=198
[pid:33637] 2026-08-12T05:39:53.128050Z  INFO shioaji::contracts_v2::traffic: contract disk cache cache="hit" block="base" region=TW security_type=STK bytes=9301
[pid:33637] 2026-08-12T05:39:53.131651Z  INFO shioaji::contracts_v2::traffic: contract disk cache cache="hit" block="info" region=TW security_type=STK bytes=84362
[pid:33637] 2026-08-12T05:39:53.381227Z  INFO shioaji::api::token_pool: Successfully released token slot 1 via temporary runtime
[pid:34007] 2026-08-12T06:07:57.789636Z  INFO shioaji::api::api_v1::auth::token_login: Found cached token from slot 1, verifying...
[pid:34007] 2026-08-12T06:07:58.745002Z  INFO shioaji::api::api_v1::auth::token_login: Cached token is valid, using it
[pid:34007] 2026-08-12T06:07:58.915116Z  INFO shioaji::contracts_v2::traffic: contract backend response endpoint="contracts_version" regions=Some([TW]) security_types=Some([Stock]) bytes=198
[pid:34007] 2026-08-12T06:07:58.939044Z  INFO shioaji::contracts_v2::traffic: contract disk cache cache="hit" block="base" region=TW security_type=STK bytes=9301
[pid:34007] 2026-08-12T06:07:58.942403Z  INFO shioaji::contracts_v2::traffic: contract disk cache cache="hit" block="info" region=TW security_type=STK bytes=84362
[pid:34007] 2026-08-12T06:07:59.186909Z  INFO shioaji::api::token_pool: Successfully released token slot 1 via temporary runtime
[pid:34104] 2026-08-12T06:13:16.751208Z  INFO shioaji::api::api_v1::auth::token_login: Found cached token from slot 1, verifying...
[pid:34104] 2026-08-12T06:13:17.682268Z  INFO shioaji::api::api_v1::auth::token_login: Cached token is valid, using it
[pid:34104] 2026-08-12T06:13:17.858732Z  INFO shioaji::contracts_v2::traffic: contract backend response endpoint="contracts_version" regions=Some([TW]) security_types=Some([Stock]) bytes=198
[pid:34104] 2026-08-12T06:13:17.882332Z  INFO shioaji::contracts_v2::traffic: contract disk cache cache="hit" block="base" region=TW security_type=STK bytes=9301
[pid:34104] 2026-08-12T06:13:17.885459Z  INFO shioaji::contracts_v2::traffic: contract disk cache cache="hit" block="info" region=TW security_type=STK bytes=84362
[pid:34104] 2026-08-12T06:13:18.104784Z  INFO shioaji::api::token_pool: Successfully released token slot 1 via temporary runtime
[pid:34294] 2026-08-12T06:21:36.582478Z  INFO shioaji::api::api_v1::auth::token_login: Found cached token from slot 1, verifying...
[pid:34294] 2026-08-12T06:21:37.462380Z  INFO shioaji::api::api_v1::auth::token_login: Cached token is valid, using it
[pid:34294] 2026-08-12T06:21:37.586705Z  INFO shioaji::contracts_v2::traffic: contract backend response endpoint="contracts_version" regions=Some([TW]) security_types=Some([Stock]) bytes=198
[pid:34294] 2026-08-12T06:21:37.608325Z  INFO shioaji::contracts_v2::traffic: contract disk cache cache="hit" block="base" region=TW security_type=STK bytes=9301
[pid:34294] 2026-08-12T06:21:37.610598Z  INFO shioaji::contracts_v2::traffic: contract disk cache cache="hit" block="info" region=TW security_type=STK bytes=84362
[pid:34294] 2026-08-12T06:21:37.882917Z  INFO shioaji::api::token_pool: Successfully released token slot 1 via temporary runtime
[pid:43066] 2026-08-12T12:48:39.712108Z  INFO shioaji::api::api_v1::auth::token_login: Found cached token from slot 1, verifying...
[pid:43066] 2026-08-12T12:48:40.817183Z  INFO shioaji::api::api_v1::auth::token_login: Cached token is valid, using it
[pid:43066] 2026-08-12T12:48:41.004155Z  INFO shioaji::contracts_v2::traffic: contract backend response endpoint="contracts_version" regions=Some([TW]) security_types=Some([Stock]) bytes=198
[pid:43066] 2026-08-12T12:48:41.029477Z  INFO shioaji::contracts_v2::traffic: contract disk cache cache="hit" block="base" region=TW security_type=STK bytes=9301
[pid:43066] 2026-08-12T12:48:41.032163Z  INFO shioaji::contracts_v2::traffic: contract disk cache cache="stale" block="info" region=TW security_type=STK bytes=84362
[pid:43066] 2026-08-12T12:48:41.355846Z  INFO shioaji::contracts_v2::traffic: contract backend response endpoint="contracts_info" region=TW security_type=STK shard="" bytes=308559
[pid:43066] 2026-08-12T12:48:41.659445Z  INFO shioaji::api::token_pool: Successfully released token slot 1 via temporary runtime
[pid:43114] 2026-08-12T12:49:19.303016Z  INFO shioaji::api::api_v1::auth::token_login: Found cached token from slot 1, verifying...
[pid:43114] 2026-08-12T12:49:20.807831Z  INFO shioaji::api::api_v1::auth::token_login: Cached token is valid, using it
[pid:43114] 2026-08-12T12:49:21.083313Z  INFO shioaji::contracts_v2::traffic: contract backend response endpoint="contracts_version" regions=Some([TW]) security_types=Some([Stock]) bytes=198
[pid:43114] 2026-08-12T12:49:21.106939Z  INFO shioaji::contracts_v2::traffic: contract disk cache cache="hit" block="base" region=TW security_type=STK bytes=9301
[pid:43114] 2026-08-12T12:49:21.110773Z  INFO shioaji::contracts_v2::traffic: contract disk cache cache="hit" block="info" region=TW security_type=STK bytes=84362
[pid:43114] 2026-08-12T12:49:21.743372Z  INFO shioaji::api::token_pool: Successfully released token slot 1 via temporary runtime
[pid:64084] 2026-08-13T06:54:16.994205Z  INFO shioaji::api::token_pool: Removed invalid token from slot 1
[pid:64084] 2026-08-13T06:54:16.997433Z  INFO shioaji::api::api_v1::auth::token_login: No cached token available, performing new login
[pid:64084] 2026-08-13T06:54:17.973994Z  INFO shioaji::api::api_v1::auth::token_login: Stored new token in slot 1
[pid:64084] 2026-08-13T06:54:18.623031Z  INFO shioaji::contracts_v2::traffic: contract backend response endpoint="contracts_version" regions=Some([TW]) security_types=Some([Stock]) bytes=198
[pid:64084] 2026-08-13T06:54:18.645067Z  INFO shioaji::contracts_v2::traffic: contract disk cache cache="miss_or_stale" block="base" region=TW security_type=STK bytes=0
[pid:64084] 2026-08-13T06:54:18.753730Z  INFO shioaji::contracts_v2::traffic: contract backend response endpoint="contracts_base" region=TW security_type=STK bytes=51411
[pid:64084] 2026-08-13T06:54:18.787997Z  INFO shioaji::contracts_v2::traffic: contract disk cache cache="stale" block="info" region=TW security_type=STK bytes=84362
[pid:64084] 2026-08-13T06:54:18.928525Z  INFO shioaji::contracts_v2::traffic: contract backend response endpoint="contracts_info" region=TW security_type=STK shard="" bytes=308979
[pid:64084] 2026-08-13T06:54:19.129297Z  INFO shioaji::api::token_pool: Successfully released token slot 1 via temporary runtime
[pid:64090] 2026-08-13T06:54:31.428676Z  INFO shioaji::api::api_v1::auth::token_login: Found cached token from slot 1, verifying...
[pid:64090] 2026-08-13T06:54:32.320968Z  INFO shioaji::api::api_v1::auth::token_login: Cached token is valid, using it
[pid:64090] 2026-08-13T06:54:32.444479Z  INFO shioaji::contracts_v2::traffic: contract backend response endpoint="contracts_version" regions=Some([TW]) security_types=Some([Stock]) bytes=198
[pid:64090] 2026-08-13T06:54:32.447931Z  INFO shioaji::contracts_v2::traffic: contract disk cache cache="hit" block="base" region=TW security_type=STK bytes=9308
[pid:64090] 2026-08-13T06:54:32.450860Z  INFO shioaji::contracts_v2::traffic: contract disk cache cache="hit" block="info" region=TW security_type=STK bytes=84357
[pid:64090] 2026-08-13T06:54:34.201223Z  INFO shioaji::api::token_pool: Successfully released token slot 1 via temporary runtime
[pid:74024] 2026-08-20T05:14:46.324132Z  INFO shioaji::api::token_pool: Removed invalid token from slot 1
[pid:74024] 2026-08-20T05:14:46.326284Z  INFO shioaji::api::api_v1::auth::token_login: No cached token available, performing new login
[pid:74024] 2026-08-20T05:14:49.136284Z  INFO shioaji::api::api_v1::auth::token_login: Stored new token in slot 1
[pid:74024] 2026-08-20T05:14:50.630092Z  INFO shioaji::contracts_v2::traffic: contract backend response endpoint="contracts_version" regions=Some([TW]) security_types=Some([Stock]) bytes=198
[pid:74024] 2026-08-20T05:14:50.634688Z  INFO shioaji::contracts_v2::traffic: contract disk cache cache="miss_or_stale" block="base" region=TW security_type=STK bytes=0
[pid:74024] 2026-08-20T05:14:51.176576Z  INFO shioaji::contracts_v2::traffic: contract backend response endpoint="contracts_base" region=TW security_type=STK bytes=51392
[pid:74024] 2026-08-20T05:14:51.200931Z  INFO shioaji::contracts_v2::traffic: contract disk cache cache="stale" block="info" region=TW security_type=STK bytes=84357
[pid:74024] 2026-08-20T05:14:51.906751Z  INFO shioaji::contracts_v2::traffic: contract backend response endpoint="contracts_info" region=TW security_type=STK shard="" bytes=308857
[pid:74024] 2026-08-20T05:14:52.842728Z  INFO shioaji::api::token_pool: Removed invalid token from slot 1
[pid:74024] 2026-08-20T05:14:52.844879Z  INFO shioaji::api: msg receiver error: Closed
[pid:74024] 2026-08-20T05:14:52.844910Z  INFO shioaji::api: P2P receiver closed: Closed
[pid:65441] 2026-08-21T14:04:58.772792Z  INFO shioaji::api::api_v1::auth::token_login: No cached token available, performing new login
[pid:65441] 2026-08-21T14:05:01.787453Z  INFO shioaji::api::api_v1::auth::token_login: Stored new token in slot 1
[pid:65441] 2026-08-21T14:05:03.742963Z  INFO shioaji::contracts_v2::traffic: contract backend response endpoint="contracts_version" regions=Some([TW]) security_types=Some([Stock]) bytes=198
[pid:65441] 2026-08-21T14:05:03.761362Z  INFO shioaji::contracts_v2::traffic: contract disk cache cache="miss_or_stale" block="base" region=TW security_type=STK bytes=0
[pid:65441] 2026-08-21T14:05:04.722848Z  INFO shioaji::contracts_v2::traffic: contract backend response endpoint="contracts_base" region=TW security_type=STK bytes=51427
[pid:65441] 2026-08-21T14:05:04.778658Z  INFO shioaji::contracts_v2::traffic: contract disk cache cache="stale" block="info" region=TW security_type=STK bytes=84405
[pid:65441] 2026-08-21T14:05:10.095023Z  INFO shioaji::contracts_v2::traffic: contract backend response endpoint="contracts_info" region=TW security_type=STK shard="" bytes=309036
[pid:65441] 2026-08-21T14:05:10.842059Z  INFO shioaji::api::token_pool: Removed invalid token from slot 1
[pid:65441] 2026-08-21T14:05:10.844617Z  INFO shioaji::api: msg receiver error: Closed
[pid:65441] 2026-08-21T14:05:10.844884Z  INFO shioaji::api: P2P receiver closed: Closed
[pid:65466] 2026-08-21T14:05:36.321824Z  INFO shioaji::api::api_v1::auth::token_login: No cached token available, performing new login
[pid:65466] 2026-08-21T14:05:45.058838Z  INFO shioaji::api::api_v1::auth::token_login: Stored new token in slot 1
[pid:65466] 2026-08-21T14:05:45.897808Z  INFO shioaji::api::token_pool: Successfully released token slot 1 via temporary runtime
[pid:65486] 2026-08-21T14:05:57.100548Z  INFO shioaji::api::api_v1::auth::token_login: Found cached token from slot 1, verifying...
[pid:65486] 2026-08-21T14:06:00.427625Z  INFO shioaji::api::api_v1::auth::token_login: Cached token is valid, using it
[pid:65486] 2026-08-21T14:06:00.884554Z  INFO shioaji::contracts_v2::traffic: contract backend response endpoint="contracts_version" regions=Some([TW]) security_types=Some([Stock]) bytes=198
[pid:65486] 2026-08-21T14:06:00.887725Z  INFO shioaji::contracts_v2::traffic: contract disk cache cache="hit" block="base" region=TW security_type=STK bytes=9314
[pid:65486] 2026-08-21T14:06:00.890967Z  INFO shioaji::contracts_v2::traffic: contract disk cache cache="hit" block="info" region=TW security_type=STK bytes=84377
[pid:65486] 2026-08-21T14:06:01.572417Z  INFO shioaji::api::token_pool: Removed invalid token from slot 1
[pid:65486] 2026-08-21T14:06:01.573383Z  INFO shioaji::api: msg receiver error: Closed
[pid:65486] 2026-08-21T14:06:01.573388Z  INFO shioaji::api: P2P receiver closed: Closed
[pid:65550] 2026-08-21T14:06:15.016494Z  INFO shioaji::api::api_v1::auth::token_login: No cached token available, performing new login
[pid:65550] 2026-08-21T14:06:23.697836Z  INFO shioaji::api::api_v1::auth::token_login: Stored new token in slot 1
[pid:65550] 2026-08-21T14:06:24.934658Z  INFO shioaji::contracts_v2::traffic: contract backend response endpoint="contracts_version" regions=Some([TW]) security_types=Some([Stock]) bytes=198
[pid:65550] 2026-08-21T14:06:24.954790Z  INFO shioaji::contracts_v2::traffic: contract disk cache cache="hit" block="base" region=TW security_type=STK bytes=9314
[pid:65550] 2026-08-21T14:06:24.957995Z  INFO shioaji::contracts_v2::traffic: contract disk cache cache="hit" block="info" region=TW security_type=STK bytes=84377
[pid:65550] 2026-08-21T14:06:26.117487Z  INFO shioaji::api::token_pool: Removed invalid token from slot 1
[pid:65550] 2026-08-21T14:06:26.120384Z  INFO shioaji::api: msg receiver error: Closed
[pid:65550] 2026-08-21T14:06:26.120658Z  INFO shioaji::api: P2P receiver closed: Closed
[pid:65593] 2026-08-21T14:06:44.581907Z  INFO shioaji::api::api_v1::auth::token_login: No cached token available, performing new login
[pid:65593] 2026-08-21T14:06:47.033537Z  INFO shioaji::api::api_v1::auth::token_login: Stored new token in slot 1
[pid:65593] 2026-08-21T14:06:48.570462Z  INFO shioaji::contracts_v2::traffic: contract backend response endpoint="contracts_version" regions=Some([TW]) security_types=Some([Stock]) bytes=198
[pid:65593] 2026-08-21T14:06:48.574421Z  INFO shioaji::contracts_v2::traffic: contract disk cache cache="hit" block="base" region=TW security_type=STK bytes=9314
[pid:65593] 2026-08-21T14:06:48.577456Z  INFO shioaji::contracts_v2::traffic: contract disk cache cache="hit" block="info" region=TW security_type=STK bytes=84377
[pid:65593] 2026-08-21T14:06:48.966109Z  INFO shioaji::api::token_pool: Successfully released token slot 1 via temporary runtime
[pid:65654] 2026-08-21T14:07:47.033972Z  INFO shioaji::api::api_v1::auth::token_login: Found cached token from slot 1, verifying...
[pid:65654] 2026-08-21T14:07:55.838276Z  INFO shioaji::api::api_v1::auth::token_login: Cached token is valid, using it
[pid:65654] 2026-08-21T14:07:56.440060Z  INFO shioaji::contracts_v2::traffic: contract backend response endpoint="contracts_version" regions=Some([TW]) security_types=Some([Stock]) bytes=198
[pid:65654] 2026-08-21T14:07:56.459394Z  INFO shioaji::contracts_v2::traffic: contract disk cache cache="hit" block="base" region=TW security_type=STK bytes=9314
[pid:65654] 2026-08-21T14:07:56.462632Z  INFO shioaji::contracts_v2::traffic: contract disk cache cache="hit" block="info" region=TW security_type=STK bytes=84377
[pid:65654] 2026-08-21T14:07:56.884025Z  INFO shioaji::api::token_pool: Successfully released token slot 1 via temporary runtime
